---
source: tui/src/bottom_pane/mod.rs
assertion_line: 1787
expression: "render_snapshot(&pane, area)"
---
• Codex Working · 0s · esc interrupt · 1 active 
                                                
                                                
› Ask Codex to do anything                      
                                                
  ? for shortcuts            100% context left
