---
source: tui/src/bottom_pane/work_state_view.rs
expression: "render(&view, 72)"
---
Buffer {
    area: Rect { x: 0, y: 0, width: 72, height: 28 },
    content: [
        "> Work state  plan · steps 1/3 · evidence 2 · input 2 · agents 1 · bg  e",
        "                                                                        ",
        "• Proposed plan · ready to implement                                    ",
        "  # Plan                                                                ",
        "  - Inspect current surfaces                                            ",
        "  - Add a unified work panel                                            ",
        "                                                                        ",
        "• Task progress · 1/3 complete, step 2 active                           ",
        "  ✓ done · Inspect current surfaces                                     ",
        "  › active · Add a unified work panel                                   ",
        "  - pending · Update snapshots                                          ",
        "                                                                        ",
        "• Evidence · 2 events                                                   ",
        "  - repo intel · Rust/Cargo; 420 files, 2 manifests                     ",
        "  - command · cargo test -p codex-tui                                   ",
        "                                                                        ",
        "• Queued input · 2 messages                                             ",
        "  Current-turn                                                          ",
        "    Use the existing bottom pane stack                                  ",
        "  Next turn                                                             ",
        "    Follow up once tests pass                                           ",
        "                                                                        ",
        "• Subagents · 1 active                                                  ",
        "  Curie [explorer] · running · reading TUI state · codex-rs/tui/src/    ",
        "  chatwidget.rs · 12K tokens                                            ",
        "                                                                        ",
        "• Background terminals · running                                        ",
        "  1 bg terminal: cargo test -p codex-tui · /ps · /stop                  ",
    ],
    styles: [
        x: 0, y: 0, fg: Reset, bg: Reset, underline: Reset, modifier: NONE,
        x: 2, y: 0, fg: Reset, bg: Reset, underline: Reset, modifier: BOLD,
        x: 12, y: 0, fg: Reset, bg: Reset, underline: Reset, modifier: NONE,
        x: 14, y: 0, fg: Reset, bg: Reset, underline: Reset, modifier: DIM,
        x: 69, y: 0, fg: Reset, bg: Reset, underline: Reset, modifier: NONE,
        x: 71, y: 0, fg: Reset, bg: Reset, underline: Reset, modifier: DIM,
        x: 0, y: 1, fg: Reset, bg: Reset, underline: Reset, modifier: NONE,
        x: 0, y: 2, fg: Reset, bg: Reset, underline: Reset, modifier: DIM,
        x: 2, y: 2, fg: Reset, bg: Reset, underline: Reset, modifier: BOLD,
        x: 15, y: 2, fg: Reset, bg: Reset, underline: Reset, modifier: DIM,
        x: 36, y: 2, fg: Reset, bg: Reset, underline: Reset, modifier: NONE,
        x: 0, y: 3, fg: Reset, bg: Reset, underline: Reset, modifier: DIM,
        x: 8, y: 3, fg: Reset, bg: Reset, underline: Reset, modifier: NONE,
        x: 0, y: 4, fg: Reset, bg: Reset, underline: Reset, modifier: DIM,
        x: 28, y: 4, fg: Reset, bg: Reset, underline: Reset, modifier: NONE,
        x: 0, y: 5, fg: Reset, bg: Reset, underline: Reset, modifier: DIM,
        x: 28, y: 5, fg: Reset, bg: Reset, underline: Reset, modifier: NONE,
        x: 0, y: 7, fg: Reset, bg: Reset, underline: Reset, modifier: DIM,
        x: 2, y: 7, fg: Reset, bg: Reset, underline: Reset, modifier: BOLD,
        x: 15, y: 7, fg: Reset, bg: Reset, underline: Reset, modifier: DIM,
        x: 45, y: 7, fg: Reset, bg: Reset, underline: Reset, modifier: NONE,
        x: 0, y: 8, fg: Reset, bg: Reset, underline: Reset, modifier: DIM,
        x: 35, y: 8, fg: Reset, bg: Reset, underline: Reset, modifier: NONE,
        x: 0, y: 9, fg: Reset, bg: Reset, underline: Reset, modifier: DIM,
        x: 13, y: 9, fg: Cyan, bg: Reset, underline: Reset, modifier: BOLD,
        x: 37, y: 9, fg: Reset, bg: Reset, underline: Reset, modifier: NONE,
        x: 0, y: 10, fg: Reset, bg: Reset, underline: Reset, modifier: DIM,
        x: 30, y: 10, fg: Reset, bg: Reset, underline: Reset, modifier: NONE,
        x: 0, y: 12, fg: Reset, bg: Reset, underline: Reset, modifier: DIM,
        x: 2, y: 12, fg: Reset, bg: Reset, underline: Reset, modifier: BOLD,
        x: 10, y: 12, fg: Reset, bg: Reset, underline: Reset, modifier: DIM,
        x: 21, y: 12, fg: Reset, bg: Reset, underline: Reset, modifier: NONE,
        x: 0, y: 13, fg: Reset, bg: Reset, underline: Reset, modifier: DIM,
        x: 4, y: 13, fg: Reset, bg: Reset, underline: Reset, modifier: NONE,
        x: 14, y: 13, fg: Reset, bg: Reset, underline: Reset, modifier: DIM,
        x: 51, y: 13, fg: Reset, bg: Reset, underline: Reset, modifier: NONE,
        x: 0, y: 14, fg: Reset, bg: Reset, underline: Reset, modifier: DIM,
        x: 4, y: 14, fg: Reset, bg: Reset, underline: Reset, modifier: NONE,
        x: 11, y: 14, fg: Reset, bg: Reset, underline: Reset, modifier: DIM,
        x: 37, y: 14, fg: Reset, bg: Reset, underline: Reset, modifier: NONE,
        x: 0, y: 16, fg: Reset, bg: Reset, underline: Reset, modifier: DIM,
        x: 2, y: 16, fg: Reset, bg: Reset, underline: Reset, modifier: BOLD,
        x: 14, y: 16, fg: Reset, bg: Reset, underline: Reset, modifier: DIM,
        x: 27, y: 16, fg: Reset, bg: Reset, underline: Reset, modifier: NONE,
        x: 0, y: 17, fg: Reset, bg: Reset, underline: Reset, modifier: DIM,
        x: 14, y: 17, fg: Reset, bg: Reset, underline: Reset, modifier: NONE,
        x: 0, y: 18, fg: Reset, bg: Reset, underline: Reset, modifier: DIM,
        x: 38, y: 18, fg: Reset, bg: Reset, underline: Reset, modifier: NONE,
        x: 0, y: 19, fg: Reset, bg: Reset, underline: Reset, modifier: DIM,
        x: 11, y: 19, fg: Reset, bg: Reset, underline: Reset, modifier: NONE,
        x: 0, y: 20, fg: Reset, bg: Reset, underline: Reset, modifier: DIM,
        x: 29, y: 20, fg: Reset, bg: Reset, underline: Reset, modifier: NONE,
        x: 0, y: 22, fg: Reset, bg: Reset, underline: Reset, modifier: DIM,
        x: 2, y: 22, fg: Reset, bg: Reset, underline: Reset, modifier: BOLD,
        x: 11, y: 22, fg: Reset, bg: Reset, underline: Reset, modifier: DIM,
        x: 22, y: 22, fg: Reset, bg: Reset, underline: Reset, modifier: NONE,
        x: 0, y: 23, fg: Reset, bg: Reset, underline: Reset, modifier: DIM,
        x: 68, y: 23, fg: Reset, bg: Reset, underline: Reset, modifier: NONE,
        x: 2, y: 24, fg: Reset, bg: Reset, underline: Reset, modifier: DIM,
        x: 28, y: 24, fg: Reset, bg: Reset, underline: Reset, modifier: NONE,
        x: 0, y: 26, fg: Reset, bg: Reset, underline: Reset, modifier: DIM,
        x: 2, y: 26, fg: Reset, bg: Reset, underline: Reset, modifier: BOLD,
        x: 22, y: 26, fg: Reset, bg: Reset, underline: Reset, modifier: DIM,
        x: 32, y: 26, fg: Reset, bg: Reset, underline: Reset, modifier: NONE,
        x: 0, y: 27, fg: Reset, bg: Reset, underline: Reset, modifier: DIM,
        x: 54, y: 27, fg: Reset, bg: Reset, underline: Reset, modifier: NONE,
    ]
}
