---
source: tui/src/bottom_pane/mod.rs
assertion_line: 1850
expression: "render_snapshot(&pane, area)"
---
• Codex Working · 0s · esc interrupt · 1 active 
  └ First detail line                           
    Second detail line                          
                                                
• Queued follow-up inputs                       
  ↳ Queued follow-up question                   
    ⌥ + ↑ edit last queued message              
                                                
› Ask Codex to do anything                      
                                                
  ? for shortcuts            100% context left
