---
source: tui/src/bottom_pane/approval_overlay.rs
expression: "render_overlay_lines(&view, 80)"
---

  Run this command?

  Thread: Robie [explorer]

  Why approval is needed: the command needs explicit approval under the
  current policy
  Scope: one command: echo hi

  $ echo hi

› 1. Yes, proceed (y)
  2. No, and tell Codex what to do differently (esc)

  Press enter to confirm or esc to cancel or o to open thread
