---
source: tui/src/bottom_pane/work_state_view.rs
expression: "render(&view, 72)"
---
Buffer {
    area: Rect { x: 0, y: 0, width: 72, height: 54 },
    content: [
        "> Work state  live · approval · plan · steps 1/3 · evidence 9 · input 2 ",
        "                                                                        ",
        "• Current state · live context                                          ",
        "  - Phase: Working                                                      ",
        "  - Active tool: reading TUI state surfaces                             ",
        "  - Approval: 1 command approval waiting                                ",
        "  - Context: 89% used · 242K/272K · high                                ",
        "  - Hooks: 1 running · PreToolUse hook                                  ",
        "  - Continuity: Checklist, proposed plan, queued input, and subagent    ",
        "    rows are retained for resume                                        ",
        "                                                                        ",
        "• Proposed plan · ready to implement                                    ",
        "  # Plan                                                                ",
        "  - Inspect current surfaces                                            ",
        "  - Add a unified work panel                                            ",
        "                                                                        ",
        "• Task progress · 1/3 complete, step 2 active                           ",
        "  ✓ done · Inspect current surfaces                                     ",
        "  › active · Add a unified work panel                                   ",
        "  - pending · Update snapshots                                          ",
        "                                                                        ",
        "• Activity · 8 groups                                                   ",
        "  - Commands: 2 events · latest: cargo test -p codex-tui · ExitStatus(0)",
        "  - File edits: 1 event · latest: 2 files changed                       ",
        "  - MCP tools: 1 event · latest: Read Docs · openai                     ",
        "  - Web search: 1 event · latest: searched "Codex TUI"                  ",
        "  - Image generation: 1 event · latest: C:\tmp\art.png                  ",
        "  - Hooks: 1 event · latest: PostToolUse hook                           ",
        "  - Context: 1 event · latest: history summarized                       ",
        "  - Repo intel: 1 event · latest: Rust/Cargo; 420 files, 2 manifests    ",
        "                                                                        ",
        "• Evidence · 9 events                                                   ",
        "  - repo intel · Rust/Cargo; 420 files, 2 manifests                     ",
        "  - command started · cargo test -p codex-tui                           ",
        "  - command finished · cargo test -p codex-tui · ExitStatus(0)          ",
        "  - edited files · 2 files changed                                      ",
        "  - mcp tool finished · Read Docs · openai                              ",
        "  - web search finished · searched "Codex TUI"                          ",
        "  - image generated · C:\tmp\art.png                                    ",
        "  - hook completed · PostToolUse hook                                   ",
        "  - context compacted · history summarized                              ",
        "                                                                        ",
        "• Queued input · 2 messages                                             ",
        "  Current-turn                                                          ",
        "    Use the existing bottom pane stack                                  ",
        "  Next turn                                                             ",
        "    Follow up once tests pass                                           ",
        "                                                                        ",
        "• Subagents · 1 active                                                  ",
        "  Curie [explorer] · running · reading TUI state · codex-rs/tui/src/    ",
        "  chatwidget.rs · 12K tokens · 2 tools · last 4s ago                    ",
        "                                                                        ",
        "• Background terminals · running                                        ",
        "  1 bg terminal: cargo test -p codex-tui · /ps · /stop                  ",
    ],
    styles: [
        x: 0, y: 0, fg: Reset, bg: Reset, underline: Reset, modifier: NONE,
        x: 2, y: 0, fg: Reset, bg: Reset, underline: Reset, modifier: BOLD,
        x: 12, y: 0, fg: Reset, bg: Reset, underline: Reset, modifier: NONE,
        x: 14, y: 0, fg: Reset, bg: Reset, underline: Reset, modifier: DIM,
        x: 0, y: 1, fg: Reset, bg: Reset, underline: Reset, modifier: NONE,
        x: 0, y: 2, fg: Reset, bg: Reset, underline: Reset, modifier: DIM,
        x: 2, y: 2, fg: Reset, bg: Reset, underline: Reset, modifier: BOLD,
        x: 15, y: 2, fg: Reset, bg: Reset, underline: Reset, modifier: DIM,
        x: 30, y: 2, fg: Reset, bg: Reset, underline: Reset, modifier: NONE,
        x: 0, y: 3, fg: Reset, bg: Reset, underline: Reset, modifier: DIM,
        x: 4, y: 3, fg: Reset, bg: Reset, underline: Reset, modifier: NONE,
        x: 9, y: 3, fg: Reset, bg: Reset, underline: Reset, modifier: DIM,
        x: 18, y: 3, fg: Reset, bg: Reset, underline: Reset, modifier: NONE,
        x: 0, y: 4, fg: Reset, bg: Reset, underline: Reset, modifier: DIM,
        x: 4, y: 4, fg: Reset, bg: Reset, underline: Reset, modifier: NONE,
        x: 15, y: 4, fg: Reset, bg: Reset, underline: Reset, modifier: DIM,
        x: 43, y: 4, fg: Reset, bg: Reset, underline: Reset, modifier: NONE,
        x: 0, y: 5, fg: Reset, bg: Reset, underline: Reset, modifier: DIM,
        x: 4, y: 5, fg: Reset, bg: Reset, underline: Reset, modifier: NONE,
        x: 12, y: 5, fg: Reset, bg: Reset, underline: Reset, modifier: DIM,
        x: 40, y: 5, fg: Reset, bg: Reset, underline: Reset, modifier: NONE,
        x: 0, y: 6, fg: Reset, bg: Reset, underline: Reset, modifier: DIM,
        x: 4, y: 6, fg: Reset, bg: Reset, underline: Reset, modifier: NONE,
        x: 11, y: 6, fg: Reset, bg: Reset, underline: Reset, modifier: DIM,
        x: 40, y: 6, fg: Reset, bg: Reset, underline: Reset, modifier: NONE,
        x: 0, y: 7, fg: Reset, bg: Reset, underline: Reset, modifier: DIM,
        x: 4, y: 7, fg: Reset, bg: Reset, underline: Reset, modifier: NONE,
        x: 9, y: 7, fg: Reset, bg: Reset, underline: Reset, modifier: DIM,
        x: 38, y: 7, fg: Reset, bg: Reset, underline: Reset, modifier: NONE,
        x: 0, y: 8, fg: Reset, bg: Reset, underline: Reset, modifier: DIM,
        x: 4, y: 8, fg: Reset, bg: Reset, underline: Reset, modifier: NONE,
        x: 14, y: 8, fg: Reset, bg: Reset, underline: Reset, modifier: DIM,
        x: 68, y: 8, fg: Reset, bg: Reset, underline: Reset, modifier: NONE,
        x: 4, y: 9, fg: Reset, bg: Reset, underline: Reset, modifier: DIM,
        x: 32, y: 9, fg: Reset, bg: Reset, underline: Reset, modifier: NONE,
        x: 0, y: 11, fg: Reset, bg: Reset, underline: Reset, modifier: DIM,
        x: 2, y: 11, fg: Reset, bg: Reset, underline: Reset, modifier: BOLD,
        x: 15, y: 11, fg: Reset, bg: Reset, underline: Reset, modifier: DIM,
        x: 36, y: 11, fg: Reset, bg: Reset, underline: Reset, modifier: NONE,
        x: 0, y: 12, fg: Reset, bg: Reset, underline: Reset, modifier: DIM,
        x: 8, y: 12, fg: Reset, bg: Reset, underline: Reset, modifier: NONE,
        x: 0, y: 13, fg: Reset, bg: Reset, underline: Reset, modifier: DIM,
        x: 28, y: 13, fg: Reset, bg: Reset, underline: Reset, modifier: NONE,
        x: 0, y: 14, fg: Reset, bg: Reset, underline: Reset, modifier: DIM,
        x: 28, y: 14, fg: Reset, bg: Reset, underline: Reset, modifier: NONE,
        x: 0, y: 16, fg: Reset, bg: Reset, underline: Reset, modifier: DIM,
        x: 2, y: 16, fg: Reset, bg: Reset, underline: Reset, modifier: BOLD,
        x: 15, y: 16, fg: Reset, bg: Reset, underline: Reset, modifier: DIM,
        x: 45, y: 16, fg: Reset, bg: Reset, underline: Reset, modifier: NONE,
        x: 0, y: 17, fg: Reset, bg: Reset, underline: Reset, modifier: DIM,
        x: 35, y: 17, fg: Reset, bg: Reset, underline: Reset, modifier: NONE,
        x: 0, y: 18, fg: Reset, bg: Reset, underline: Reset, modifier: DIM,
        x: 13, y: 18, fg: Cyan, bg: Reset, underline: Reset, modifier: BOLD,
        x: 37, y: 18, fg: Reset, bg: Reset, underline: Reset, modifier: NONE,
        x: 0, y: 19, fg: Reset, bg: Reset, underline: Reset, modifier: DIM,
        x: 30, y: 19, fg: Reset, bg: Reset, underline: Reset, modifier: NONE,
        x: 0, y: 21, fg: Reset, bg: Reset, underline: Reset, modifier: DIM,
        x: 2, y: 21, fg: Reset, bg: Reset, underline: Reset, modifier: BOLD,
        x: 10, y: 21, fg: Reset, bg: Reset, underline: Reset, modifier: DIM,
        x: 21, y: 21, fg: Reset, bg: Reset, underline: Reset, modifier: NONE,
        x: 0, y: 22, fg: Reset, bg: Reset, underline: Reset, modifier: DIM,
        x: 4, y: 22, fg: Reset, bg: Reset, underline: Reset, modifier: NONE,
        x: 12, y: 22, fg: Reset, bg: Reset, underline: Reset, modifier: DIM,
        x: 4, y: 23, fg: Reset, bg: Reset, underline: Reset, modifier: NONE,
        x: 14, y: 23, fg: Reset, bg: Reset, underline: Reset, modifier: DIM,
        x: 49, y: 23, fg: Reset, bg: Reset, underline: Reset, modifier: NONE,
        x: 0, y: 24, fg: Reset, bg: Reset, underline: Reset, modifier: DIM,
        x: 4, y: 24, fg: Reset, bg: Reset, underline: Reset, modifier: NONE,
        x: 13, y: 24, fg: Reset, bg: Reset, underline: Reset, modifier: DIM,
        x: 51, y: 24, fg: Reset, bg: Reset, underline: Reset, modifier: NONE,
        x: 0, y: 25, fg: Reset, bg: Reset, underline: Reset, modifier: DIM,
        x: 4, y: 25, fg: Reset, bg: Reset, underline: Reset, modifier: NONE,
        x: 14, y: 25, fg: Reset, bg: Reset, underline: Reset, modifier: DIM,
        x: 54, y: 25, fg: Reset, bg: Reset, underline: Reset, modifier: NONE,
        x: 0, y: 26, fg: Reset, bg: Reset, underline: Reset, modifier: DIM,
        x: 4, y: 26, fg: Reset, bg: Reset, underline: Reset, modifier: NONE,
        x: 20, y: 26, fg: Reset, bg: Reset, underline: Reset, modifier: DIM,
        x: 54, y: 26, fg: Reset, bg: Reset, underline: Reset, modifier: NONE,
        x: 0, y: 27, fg: Reset, bg: Reset, underline: Reset, modifier: DIM,
        x: 4, y: 27, fg: Reset, bg: Reset, underline: Reset, modifier: NONE,
        x: 9, y: 27, fg: Reset, bg: Reset, underline: Reset, modifier: DIM,
        x: 45, y: 27, fg: Reset, bg: Reset, underline: Reset, modifier: NONE,
        x: 0, y: 28, fg: Reset, bg: Reset, underline: Reset, modifier: DIM,
        x: 4, y: 28, fg: Reset, bg: Reset, underline: Reset, modifier: NONE,
        x: 11, y: 28, fg: Reset, bg: Reset, underline: Reset, modifier: DIM,
        x: 49, y: 28, fg: Reset, bg: Reset, underline: Reset, modifier: NONE,
        x: 0, y: 29, fg: Reset, bg: Reset, underline: Reset, modifier: DIM,
        x: 4, y: 29, fg: Reset, bg: Reset, underline: Reset, modifier: NONE,
        x: 14, y: 29, fg: Reset, bg: Reset, underline: Reset, modifier: DIM,
        x: 68, y: 29, fg: Reset, bg: Reset, underline: Reset, modifier: NONE,
        x: 0, y: 31, fg: Reset, bg: Reset, underline: Reset, modifier: DIM,
        x: 2, y: 31, fg: Reset, bg: Reset, underline: Reset, modifier: BOLD,
        x: 10, y: 31, fg: Reset, bg: Reset, underline: Reset, modifier: DIM,
        x: 21, y: 31, fg: Reset, bg: Reset, underline: Reset, modifier: NONE,
        x: 0, y: 32, fg: Reset, bg: Reset, underline: Reset, modifier: DIM,
        x: 4, y: 32, fg: Reset, bg: Reset, underline: Reset, modifier: NONE,
        x: 14, y: 32, fg: Reset, bg: Reset, underline: Reset, modifier: DIM,
        x: 51, y: 32, fg: Reset, bg: Reset, underline: Reset, modifier: NONE,
        x: 0, y: 33, fg: Reset, bg: Reset, underline: Reset, modifier: DIM,
        x: 4, y: 33, fg: Reset, bg: Reset, underline: Reset, modifier: NONE,
        x: 19, y: 33, fg: Reset, bg: Reset, underline: Reset, modifier: DIM,
        x: 45, y: 33, fg: Reset, bg: Reset, underline: Reset, modifier: NONE,
        x: 0, y: 34, fg: Reset, bg: Reset, underline: Reset, modifier: DIM,
        x: 4, y: 34, fg: Reset, bg: Reset, underline: Reset, modifier: NONE,
        x: 20, y: 34, fg: Reset, bg: Reset, underline: Reset, modifier: DIM,
        x: 62, y: 34, fg: Reset, bg: Reset, underline: Reset, modifier: NONE,
        x: 0, y: 35, fg: Reset, bg: Reset, underline: Reset, modifier: DIM,
        x: 4, y: 35, fg: Reset, bg: Reset, underline: Reset, modifier: NONE,
        x: 16, y: 35, fg: Reset, bg: Reset, underline: Reset, modifier: DIM,
        x: 34, y: 35, fg: Reset, bg: Reset, underline: Reset, modifier: NONE,
        x: 0, y: 36, fg: Reset, bg: Reset, underline: Reset, modifier: DIM,
        x: 4, y: 36, fg: Reset, bg: Reset, underline: Reset, modifier: NONE,
        x: 21, y: 36, fg: Reset, bg: Reset, underline: Reset, modifier: DIM,
        x: 42, y: 36, fg: Reset, bg: Reset, underline: Reset, modifier: NONE,
        x: 0, y: 37, fg: Reset, bg: Reset, underline: Reset, modifier: DIM,
        x: 4, y: 37, fg: Reset, bg: Reset, underline: Reset, modifier: NONE,
        x: 23, y: 37, fg: Reset, bg: Reset, underline: Reset, modifier: DIM,
        x: 46, y: 37, fg: Reset, bg: Reset, underline: Reset, modifier: NONE,
        x: 0, y: 38, fg: Reset, bg: Reset, underline: Reset, modifier: DIM,
        x: 4, y: 38, fg: Reset, bg: Reset, underline: Reset, modifier: NONE,
        x: 19, y: 38, fg: Reset, bg: Reset, underline: Reset, modifier: DIM,
        x: 36, y: 38, fg: Reset, bg: Reset, underline: Reset, modifier: NONE,
        x: 0, y: 39, fg: Reset, bg: Reset, underline: Reset, modifier: DIM,
        x: 4, y: 39, fg: Reset, bg: Reset, underline: Reset, modifier: NONE,
        x: 18, y: 39, fg: Reset, bg: Reset, underline: Reset, modifier: DIM,
        x: 37, y: 39, fg: Reset, bg: Reset, underline: Reset, modifier: NONE,
        x: 0, y: 40, fg: Reset, bg: Reset, underline: Reset, modifier: DIM,
        x: 4, y: 40, fg: Reset, bg: Reset, underline: Reset, modifier: NONE,
        x: 21, y: 40, fg: Reset, bg: Reset, underline: Reset, modifier: DIM,
        x: 42, y: 40, fg: Reset, bg: Reset, underline: Reset, modifier: NONE,
        x: 0, y: 42, fg: Reset, bg: Reset, underline: Reset, modifier: DIM,
        x: 2, y: 42, fg: Reset, bg: Reset, underline: Reset, modifier: BOLD,
        x: 14, y: 42, fg: Reset, bg: Reset, underline: Reset, modifier: DIM,
        x: 27, y: 42, fg: Reset, bg: Reset, underline: Reset, modifier: NONE,
        x: 0, y: 43, fg: Reset, bg: Reset, underline: Reset, modifier: DIM,
        x: 14, y: 43, fg: Reset, bg: Reset, underline: Reset, modifier: NONE,
        x: 0, y: 44, fg: Reset, bg: Reset, underline: Reset, modifier: DIM,
        x: 38, y: 44, fg: Reset, bg: Reset, underline: Reset, modifier: NONE,
        x: 0, y: 45, fg: Reset, bg: Reset, underline: Reset, modifier: DIM,
        x: 11, y: 45, fg: Reset, bg: Reset, underline: Reset, modifier: NONE,
        x: 0, y: 46, fg: Reset, bg: Reset, underline: Reset, modifier: DIM,
        x: 29, y: 46, fg: Reset, bg: Reset, underline: Reset, modifier: NONE,
        x: 0, y: 48, fg: Reset, bg: Reset, underline: Reset, modifier: DIM,
        x: 2, y: 48, fg: Reset, bg: Reset, underline: Reset, modifier: BOLD,
        x: 11, y: 48, fg: Reset, bg: Reset, underline: Reset, modifier: DIM,
        x: 22, y: 48, fg: Reset, bg: Reset, underline: Reset, modifier: NONE,
        x: 0, y: 49, fg: Reset, bg: Reset, underline: Reset, modifier: DIM,
        x: 68, y: 49, fg: Reset, bg: Reset, underline: Reset, modifier: NONE,
        x: 2, y: 50, fg: Reset, bg: Reset, underline: Reset, modifier: DIM,
        x: 52, y: 50, fg: Reset, bg: Reset, underline: Reset, modifier: NONE,
        x: 0, y: 52, fg: Reset, bg: Reset, underline: Reset, modifier: DIM,
        x: 2, y: 52, fg: Reset, bg: Reset, underline: Reset, modifier: BOLD,
        x: 22, y: 52, fg: Reset, bg: Reset, underline: Reset, modifier: DIM,
        x: 32, y: 52, fg: Reset, bg: Reset, underline: Reset, modifier: NONE,
        x: 0, y: 53, fg: Reset, bg: Reset, underline: Reset, modifier: DIM,
        x: 54, y: 53, fg: Reset, bg: Reset, underline: Reset, modifier: NONE,
    ]
}
