---
source: tui/src/chatwidget/tests/slash_commands.rs
expression: normalize_snapshot_paths(term.backend().vt100().screen().contents())
---










• Working (0s • esc to interrupt)

• Messages queued until this turn ends
  ↳ Steer submitted while /compact was running.

› Ask Codex to do anything

  gpt-5.5 default · /tmp/project
