---
source: tui/src/chatwidget/tests/side.rs
assertion_line: 265
expression: normalized_backend_snapshot(terminal.backend())
---
"                                                                                "
"• Codex Working · 0s · esc interrupt · 1 active                                 "
"                                                                                "
"                                                                                "
"› Ask Codex to do anything                                                      "
"                                                                                "
"  gpt-5.4 default                                             Side starting...  "
