---
source: tui/src/chatwidget/tests/exec_flow.rs
expression: normalized_backend_snapshot(terminal.backend())
---
"                                                                                "
"[>_<] Working (0s • esc to interrupt) · 1 background terminal running · /ps to …"
"                                                                                "
"                                                                                "
"› Ask Codex to do anything                                                      "
"                                                                                "
"  gpt-5.4 default · /tmp/project                                                "
