---
source: tui/src/chatwidget/tests/guardian.rs
assertion_line: 502
expression: normalize_snapshot_paths(rendered)
---
• Codex Reviewing 2 approval requests · 0s · esc interrupt · 1 active
  └ • rm -rf '/tmp/guardian target 1'
    • rm -rf '/tmp/guardian target 2'


› Ask Codex to do anything

  gpt-5.4 default · /tmp/project
