---
source: tui/src/chatwidget/tests/popups_and_settings.rs
expression: popup
---
  Subagent Configuration
  Configure how Codex delegates to subagents.

› 1. Exploration preference  Currently Prefer. Configure proactive explorer
                             delegation.
  2. Orchestration mode      Currently Auto. Configure multi-agent planning
                             guidance.

  Press enter to confirm or esc to go back
