---
source: tui/src/chatwidget/tests/exec_flow.rs
assertion_line: 249
expression: normalized_backend_snapshot(terminal.backend())
---
"                                                                                "
"• Codex Working · 0s · esc interrupt · 1 active                                 "
"                                                                                "
"                                                                                "
"› Ask Codex to do anything                                                      "
"                                                                                "
"  gpt-5.4 default · /tmp/project                                                "
